Movies matching 'dangerous'
===============
7.7 The Most Dangerous Man in America: Daniel Ellsberg and the Pentagon Papers (2009)
7.6 Dangerous Liaisons (1988)
7.5 Dangerous Encounters of the First Kind (1980)
7.3 On Dangerous Ground (1951)
7.3 Dangerous Beauty (1998)
7.2 Living Dangerously (1987)
7.1 Dangerous Crossing (1953)
7.1 The Year of Living Dangerously (1982)
7.1 Young and Dangerous (1996)
7.0 Confessions of a Dangerous Mind (2002)
7.0 The Dangerous Lives of Altar Boys (2002)
6.7 Young and Dangerous 2 (1996)
6.7 Young and Dangerous 3 (1996)
6.7 Gringo: The Dangerous Life of John McAfee (2016)
6.6 Dangerous Moves (1984)
6.6 Bangkok Dangerous (2000)
6.6 Dangerous Parking (2007)
6.5 Johnny Dangerously (1984)
6.5 Dangerous Minds (1995)
6.4 Young and Dangerous 1997 (1997)
6.4 A Dangerous Method (2011)
6.2 Dangerous When Wet (1953)
6.1 Young and Dangerous 1998 (1998)
6.1 Cute & Dangerous (2015)
